<html>
<body>
<pre>
<h1>µVision Build Log</h1>
<h2>Tool Versions:</h2>
IDE-Version: ¦ÌVision V5.24.2.0
Copyright (C) 2017 ARM Ltd and ARM Germany GmbH. All rights reserved.
License Information: Slofty Liu, Slofty, LIC=HF82Z-JNEH8-HRRXN-YRRHW-EGB99-F87G4
 
Tool Versions:
Toolchain:       MDK-ARM Professional  Version: 5.24.1
Toolchain Path:  E:\Keil_v5\ARM\ARMCC\Bin
C Compiler:      Armcc.exe V5.06 update 5 (build 528)
Assembler:       Armasm.exe V5.06 update 5 (build 528)
Linker/Locator:  ArmLink.exe V5.06 update 5 (build 528)
Library Manager: ArmAr.exe V5.06 update 5 (build 528)
Hex Converter:   FromElf.exe V5.06 update 5 (build 528)
CPU DLL:         SARMCM3.DLL V5.24.1
Dialog DLL:      DCM.DLL V1.16.0.0
Target DLL:      Segger\JL2CM3.dll V2.99.26.0
Dialog DLL:      TCM.DLL V1.32.0.0
 
<h2>Project:</h2>
E:\git\STM32F407\stm32f407_network_OTA\USER\NETWORK.uvprojx
Project File Date:  07/04/2025

<h2>Output:</h2>
*** Using Compiler 'V5.06 update 5 (build 528)', folder: 'E:\Keil_v5\ARM\ARMCC\Bin'
Build target 'NETWORK'
compiling main.c...
compiling tcp_client_demo.c...
..\LWIP\lwip_app\tcp_client_demo\tcp_client_demo.c(205): warning:  #167-D: argument of type "u8 *" is incompatible with parameter of type "const char *restrict"
  				sscanf(buf, "update start:%d", &file_size);
..\LWIP\lwip_app\tcp_client_demo\tcp_client_demo.c: 1 warning, 0 errors
linking...
Program Size: Code=81778 RO-data=19806 RW-data=608 ZI-data=1230656  
FromELF: creating hex file...
After Build - User command #1: fromelf.exe  --bin -o  ..\firmware.bin ..\OBJ\Template.axf
"..\OBJ\Template.axf" - 0 Error(s), 1 Warning(s).

<h2>Software Packages used:</h2>

Package Vendor: Keil
                http://www.keil.com/pack/Keil.STM32F4xx_DFP.2.11.0.pack
                Keil.STM32F4xx_DFP.2.11.0
                STMicroelectronics STM32F4 Series Device Support, Drivers and Examples

<h2>Collection of Component include folders:</h2>
  .\RTE\_NETWORK
  E:\Keil_v5\ARM\PACK\Keil\STM32F4xx_DFP\2.11.0\Drivers\CMSIS\Device\ST\STM32F4xx\Include

<h2>Collection of Component Files used:</h2>
Build Time Elapsed:  00:00:03
</pre>
</body>
</html>
